flowchart LR
  n0["A"]
  n1["B"]

  n0 -->|include| n1

classDef inherits fill:#0f172a,color:#fff,stroke:#0f172a;
classDef include fill:#1d4ed8,color:#fff,stroke:#1d4ed8;
classDef prepend fill:#9333ea,color:#fff,stroke:#9333ea;
classDef extend fill:#0f766e,color:#fff,stroke:#0f766e;
classDef const_ref fill:#cbd5e1,color:#0f172a,stroke:#94a3b8;
  class n1 include;
